[www.konnectplugins.com/proclinic/Vertical/index.html]
[backblue.gif]
[fade.gif]
[index.html]
[www.konnectplugins.com/proclinic/Vertical/images/fav.png]
[www.konnectplugins.com/proclinic/Vertical/js/modernizr.min.js]
[www.konnectplugins.com/proclinic/Vertical/index-2.html]
[www.konnectplugins.com/proclinic/Vertical/images/logo.png]
[www.konnectplugins.com/proclinic/Vertical/add-patient.html]
[www.konnectplugins.com/proclinic/Vertical/patients.html]
[www.konnectplugins.com/proclinic/Vertical/about-patient.html]
[www.konnectplugins.com/proclinic/Vertical/edit-patient.html]
[www.konnectplugins.com/proclinic/Vertical/add-doctor.html]
[www.konnectplugins.com/proclinic/Vertical/doctors.html]
[www.konnectplugins.com/proclinic/Vertical/about-doctor.html]
[www.konnectplugins.com/proclinic/Vertical/edit-doctor.html]
[www.konnectplugins.com/proclinic/Vertical/add-appointment.html]
[www.konnectplugins.com/proclinic/Vertical/appointments.html]
[www.konnectplugins.com/proclinic/Vertical/about-appointment.html]
[www.konnectplugins.com/proclinic/Vertical/edit-appointment.html]
[www.konnectplugins.com/proclinic/Vertical/add-payment.html]
[www.konnectplugins.com/proclinic/Vertical/payments.html]
[www.konnectplugins.com/proclinic/Vertical/about-payment.html]
[www.konnectplugins.com/proclinic/Vertical/add-room.html]
[www.konnectplugins.com/proclinic/Vertical/rooms.html]
[www.konnectplugins.com/proclinic/Vertical/edit-room.html]
[www.konnectplugins.com/proclinic/Vertical/typography.html]
[www.konnectplugins.com/proclinic/Vertical/buttons.html]
[www.konnectplugins.com/proclinic/Vertical/cards.html]
[www.konnectplugins.com/proclinic/Vertical/tabs.html]
[www.konnectplugins.com/proclinic/Vertical/accordions.html]
[www.konnectplugins.com/proclinic/Vertical/modals.html]
[www.konnectplugins.com/proclinic/Vertical/lists.html]
[www.konnectplugins.com/proclinic/Vertical/grid.html]
[www.konnectplugins.com/proclinic/Vertical/progress-bars.html]
[www.konnectplugins.com/proclinic/Vertical/notifications-alerts.html]
[www.konnectplugins.com/proclinic/Vertical/pagination.html]
[www.konnectplugins.com/proclinic/Vertical/carousel.html]
[www.konnectplugins.com/proclinic/Vertical/tables.html]
[www.konnectplugins.com/proclinic/Vertical/charts-1.html]
[www.konnectplugins.com/proclinic/Vertical/charts-2.html]
[www.konnectplugins.com/proclinic/Vertical/map-1.html]
[www.konnectplugins.com/proclinic/Vertical/map-2.html]
[www.konnectplugins.com/proclinic/Vertical/forms.html]
[www.konnectplugins.com/proclinic/Vertical/font-awesome.html]
[www.konnectplugins.com/proclinic/Vertical/themify.html]
[www.konnectplugins.com/proclinic/Vertical/login.html]
[www.konnectplugins.com/proclinic/Vertical/sign-up.html]
[www.konnectplugins.com/proclinic/Vertical/404.html]
[www.konnectplugins.com/proclinic/Vertical/blank-page.html]
[www.konnectplugins.com/proclinic/Vertical/pricing.html]
[www.konnectplugins.com/proclinic/Vertical/faq.html]
[www.konnectplugins.com/proclinic/Vertical/invoice.html]
[www.konnectplugins.com/proclinic/Vertical/images/logo-dark.png]
[www.konnectplugins.com/proclinic/Vertical/js/jquery-3.2.1.min.js]
[www.konnectplugins.com/proclinic/Vertical/js/popper.min.js]
[www.konnectplugins.com/proclinic/Vertical/js/bootstrap.min.js]
[www.konnectplugins.com/proclinic/Vertical/charts/js/raphael-min.js]
[www.konnectplugins.com/proclinic/Vertical/charts/js/morris.min.js]
[www.konnectplugins.com/proclinic/Vertical/js/custom-morris.js]
[www.konnectplugins.com/proclinic/Vertical/js/custom.js]
[www.konnectplugins.com/proclinic/Vertical/index.html]
[www.konnectplugins.com/proclinic/Vertical/css/bootstrap.min.css]
[www.konnectplugins.com/proclinic/Vertical/fonts/themify9f24.eot]
[www.konnectplugins.com/proclinic/Vertical/fonts/themifyd41d.eot]
[www.konnectplugins.com/proclinic/Vertical/fonts/themify9f24.woff]
[www.konnectplugins.com/proclinic/Vertical/fonts/themify9f24.ttf]
[www.konnectplugins.com/proclinic/Vertical/css/themify-icons.css]
[www.konnectplugins.com/proclinic/Vertical/css/animate.css]
[www.konnectplugins.com/proclinic/Vertical/css/styles.css]
[www.konnectplugins.com/proclinic/Vertical/css/red.css]
[www.konnectplugins.com/proclinic/Vertical/css/responsive.css]
[www.konnectplugins.com/proclinic/Vertical/charts/css/morris.css]
[www.konnectplugins.com/proclinic/Vertical/css/jquery-jvectormap.css]
[www.konnectplugins.com/proclinic/Vertical/index-2.html]
[www.konnectplugins.com/proclinic/Vertical/datatable/jquery.dataTables.min.js]
[www.konnectplugins.com/proclinic/Vertical/datatable/dataTables.bootstrap4.min.js]
[www.konnectplugins.com/proclinic/Vertical/add-patient.html]
[www.konnectplugins.com/proclinic/Vertical/js/custom-datatables.js]
[www.konnectplugins.com/proclinic/Vertical/patients.html]
[www.konnectplugins.com/proclinic/Vertical/about-patient.html]
[www.konnectplugins.com/proclinic/Vertical/edit-patient.html]
[www.konnectplugins.com/proclinic/Vertical/add-doctor.html]
[www.konnectplugins.com/proclinic/Vertical/doctors.html]
[www.konnectplugins.com/proclinic/Vertical/images/doctor.jpg]
[www.konnectplugins.com/proclinic/Vertical/about-doctor.html]
[www.konnectplugins.com/proclinic/Vertical/edit-doctor.html]
[www.konnectplugins.com/proclinic/Vertical/add-appointment.html]
[www.konnectplugins.com/proclinic/Vertical/appointments.html]
[www.konnectplugins.com/proclinic/Vertical/about-appointment.html]
[www.konnectplugins.com/proclinic/Vertical/edit-appointment.html]
[www.konnectplugins.com/proclinic/Vertical/add-payment.html]
[www.konnectplugins.com/proclinic/Vertical/payments.html]
[www.konnectplugins.com/proclinic/Vertical/about-payment.html]
[www.konnectplugins.com/proclinic/Vertical/add-room.html]
[www.konnectplugins.com/proclinic/Vertical/rooms.html]
[www.konnectplugins.com/proclinic/Vertical/edit-room.html]
[www.konnectplugins.com/proclinic/Vertical/typography.html]
[www.konnectplugins.com/proclinic/Vertical/buttons.html]
[www.konnectplugins.com/proclinic/Vertical/images/card-1.jpg]
[www.konnectplugins.com/proclinic/Vertical/images/card-2.jpg]
[www.konnectplugins.com/proclinic/Vertical/cards.html]
[www.konnectplugins.com/proclinic/Vertical/tabs.html]
[www.konnectplugins.com/proclinic/Vertical/accordions.html]
[www.konnectplugins.com/proclinic/Vertical/modals.html]
[www.konnectplugins.com/proclinic/Vertical/images/user1.png]
[www.konnectplugins.com/proclinic/Vertical/images/user2.png]
[www.konnectplugins.com/proclinic/Vertical/images/user3.png]
[www.konnectplugins.com/proclinic/Vertical/lists.html]
[www.konnectplugins.com/proclinic/Vertical/grid.html]
[www.konnectplugins.com/proclinic/Vertical/progress-bars.html]
[www.konnectplugins.com/proclinic/Vertical/notifications-alerts.html]
[www.konnectplugins.com/proclinic/Vertical/pagination.html]
[www.konnectplugins.com/proclinic/Vertical/images/slide1.jpg]
[www.konnectplugins.com/proclinic/Vertical/images/slide2.jpg]
[www.konnectplugins.com/proclinic/Vertical/images/slide3.jpg]
[www.konnectplugins.com/proclinic/Vertical/carousel.html]
[www.konnectplugins.com/proclinic/Vertical/tables.html]
[www.konnectplugins.com/proclinic/Vertical/charts-1.html]
[www.konnectplugins.com/proclinic/Vertical/charts/js/jquery.flot.min.js]
[www.konnectplugins.com/proclinic/Vertical/charts/js/jquery.flot.time.min.js]
[www.konnectplugins.com/proclinic/Vertical/js/custom-flot.js]
[www.konnectplugins.com/proclinic/Vertical/charts-2.html]
[www.konnectplugins.com/proclinic/Vertical/js/custom-gmap.js]
[www.konnectplugins.com/proclinic/Vertical/map-1.html]
[www.konnectplugins.com/proclinic/Vertical/js/jquery-jvectormap.min.js]
[www.konnectplugins.com/proclinic/Vertical/js/jquery-jvectormap-world-mill.js]
[www.konnectplugins.com/proclinic/Vertical/js/jquery.vmap.usa.js]
[www.konnectplugins.com/proclinic/Vertical/js/jquery.vmap.india.js]
[www.konnectplugins.com/proclinic/Vertical/js/custom-vector.js]
[www.konnectplugins.com/proclinic/Vertical/map-2.html]
[www.konnectplugins.com/proclinic/Vertical/forms.html]
[www.konnectplugins.com/proclinic/Vertical/font-awesome.html]
[www.konnectplugins.com/proclinic/Vertical/themify.html]
[www.konnectplugins.com/proclinic/Vertical/login.html]
[www.konnectplugins.com/proclinic/Vertical/sign-up.html]
[www.konnectplugins.com/proclinic/Vertical/404.html]
[www.konnectplugins.com/proclinic/Vertical/blank-page.html]
[www.konnectplugins.com/proclinic/Vertical/pricing.html]
[www.konnectplugins.com/proclinic/Vertical/faq.html]
[www.konnectplugins.com/proclinic/Vertical/invoice.html]
[www.konnectplugins.com/proclinic/Vertical/fonts/themify9f24.svg]
[www.konnectplugins.com/proclinic/Vertical/datatable/dataTables.bootstrap4.min.css]
[www.konnectplugins.com/proclinic/Vertical/fonts/fontawesome-webfont3e6e.eot]
[www.konnectplugins.com/proclinic/Vertical/fonts/fontawesome-webfontd41d.eot]
[www.konnectplugins.com/proclinic/Vertical/fonts/fontawesome-webfont3e6e.woff]
[www.konnectplugins.com/proclinic/Vertical/fonts/fontawesome-webfont3e6e.ttf]
[www.konnectplugins.com/proclinic/Vertical/css/font-awesome.min.css]
[www.konnectplugins.com/proclinic/Vertical/fonts/fontawesome-webfont3e6e.html]
[www.konnectplugins.com/proclinic/Vertical/fonts/fontawesome-webfont3e6e.svg]
